../drivers/Src/stm32f401xx_spi_driver.c:32:6:SPI_PeriClkCtrl	16	static
../drivers/Src/stm32f401xx_spi_driver.c:63:6:SPI_Init	24	static
../drivers/Src/stm32f401xx_spi_driver.c:133:6:SPI_SendData	24	static
../drivers/Src/stm32f401xx_spi_driver.c:169:6:SPI_ReceiveData	24	static
../drivers/Src/stm32f401xx_spi_driver.c:208:6:SPI_IRQInterruptConfig	16	static
../drivers/Src/stm32f401xx_spi_driver.c:244:6:SPI_IRQPriorityConfig	24	static
../drivers/Src/stm32f401xx_spi_driver.c:256:6:SPI_IRQHandling	24	static
../drivers/Src/stm32f401xx_spi_driver.c:296:6:SPI_PeripheralControl	16	static
../drivers/Src/stm32f401xx_spi_driver.c:313:6:SPI_SSIConfig	16	static
../drivers/Src/stm32f401xx_spi_driver.c:330:6:SPI_SSOEConfig	16	static
../drivers/Src/stm32f401xx_spi_driver.c:342:9:SPI_GetFlagStatus	16	static
../drivers/Src/stm32f401xx_spi_driver.c:356:9:SPI_SendDataWithIT	32	static
../drivers/Src/stm32f401xx_spi_driver.c:384:9:SPI_ReceiveDataWithIT	32	static
../drivers/Src/stm32f401xx_spi_driver.c:405:6:SPI_ClearOVRFlag	24	static
../drivers/Src/stm32f401xx_spi_driver.c:411:6:SPI_CloseTransmission	16	static
../drivers/Src/stm32f401xx_spi_driver.c:417:6:SPI_CloseReception	16	static
../drivers/Src/stm32f401xx_spi_driver.c:424:28:SPI_ApplicationEventCallback	16	static
../drivers/Src/stm32f401xx_spi_driver.c:430:13:spi_txe_interrupt_handle	16	static
../drivers/Src/stm32f401xx_spi_driver.c:452:13:spi_rxe_interrupt_handle	16	static
../drivers/Src/stm32f401xx_spi_driver.c:471:13:spi_ovr_err_interrupt_handle	24	static
